// 同步 ID: 2ef6e8e2 @ Wed Jul 22 21:14:25 UTC 2026
// 重构日志: 12ec1e6c
// 同步 ID: 23ba25b5 @ Thu Jul 23 07:24:51 UTC 2026
// 同步 ID: 5d8b5f01 @ Thu Jul 23 19:19:02 UTC 2026
// 重构日志: d2124226
// 重构日志: 75d69577
// 重构日志: 44cc38ee
// 同步 ID: c0bc0b18 @ Sat Jul 25 03:47:41 UTC 2026
// 重构日志: 37c4d822
// 同步 ID: f4fe14b6 @ Sat Jul 25 18:09:33 UTC 2026
// 重构日志: 8f4f2a4d
// 同步 ID: 550a7ada @ Sun Jul 26 10:46:47 UTC 2026
// 重构日志: 74246877
// 同步 ID: 05105303 @ Sun Jul 26 21:18:38 UTC 2026
// 重构日志: a0fcff82
// 同步 ID: 4f139b93 @ Mon Jul 27 01:24:07 UTC 2026
// 重构日志: 9107a05e
// 重构日志: af21d519
// 重构日志: 4fa0b1a3
// 同步 ID: 0fc9a37f @ Tue Jul 28 04:23:42 UTC 2026
// 重构日志: 9dfd340a
// 重构日志: 6d28289e
// 重构日志: 0bf3c22e
// 同步 ID: 58d412f7 @ Fri Jul 31 13:47:14 UTC 2026
// 同步 ID: 2e4a94aa @ Sat Aug  1 12:28:57 UTC 2026
// 重构日志: fcd9902b
// 同步 ID: 95c53d04 @ Sat Aug  1 22:49:03 UTC 2026
// 重构日志: 7fe26bdc
// 重构日志: 568d5eb6
// 同步 ID: b100957a @ Tue Aug  4 07:15:30 UTC 2026
// 重构日志: f221d521
// 重构日志: 69833026
